<!-- 
	적 출현 매핑 파일

		TIME					: 적 출현 시간 (ms)
			NAME				: 적 종류 (현재 네 종류만 가능)
			LOCATION(%)	: 적 출현 y좌표 (%단위) 320x200의 해상도에서는 200의 50%는 100px
			ENERGY				: 에너지
			SPEED				: 적의 이동 속도 (픽셀 단위)
			FIRING_CYCLE		: 무기 재 발사시간 (ms)
			ITEM				: 폭스 레인저의 파워를 증가시킬 적이 갖고 있는 아이템 
									BALKAN, LASER, GUIDED_MISSILE, MISSILE, BOMB
			MOTION				: 이동 방법

		...
			...
			...
		
		ENEMY3: Straight  
-->

<ENEMY>
	<!------------------------------------------------------------>
	<5000>
		<NAME>ENEMY2</NAME>
		<SIDE>RIGHT</SIDE>
		<LOCATION>50</LOCATION>
		<ENERGY>5</ENERGY>
		<SPEED>1</SPEED>
		<ACCEL>0.05</ACCEL>
		<FIRING_CYCLE></FIRING_CYCLE>
		<ITEM>GUIDED_MISSILE</ITEM>
		<MOTION>LEFT</MOTION>
		<REVENGE_NWAY>0</REVENGE_NWAY>
	</5000>
	<!------------------------------------------------------------>
	<7000>
		<NAME>ENEMY1</NAME>
		<SIDE>RIGHT</SIDE>
		<LOCATION>40</LOCATION>
		<ENERGY>5</ENERGY>
		<SPEED>1</SPEED>
		<ACCEL>0.05</ACCEL>
		<FIRING_CYCLE></FIRING_CYCLE>
		<ITEM>LASER</ITEM>
		<MOTION>LEFT</MOTION>
		<REVENGE_NWAY>0</REVENGE_NWAY>
	</7000>
	<!------------------------------------------------------------>
	<8000>
		<NAME>ENEMY1</NAME>
		<SIDE>RIGHT</SIDE>
		<LOCATION>60</LOCATION>
		<ENERGY>5</ENERGY>
		<SPEED>1</SPEED>
		<ACCEL>0.05</ACCEL>
		<FIRING_CYCLE></FIRING_CYCLE>
		<ITEM>BALKAN</ITEM>
		<MOTION>LEFT</MOTION>
		<REVENGE_NWAY>0</REVENGE_NWAY>
	</8000>
	<!------------------------------------------------------------>
	<11000>
		<NAME>ENEMY5</NAME>
		<SIDE>RIGHT</SIDE>
		<LOCATION>50</LOCATION>
		<ENERGY>10</ENERGY>
		<SPEED>1</SPEED>
		<ACCEL>0.05</ACCEL>
		<FIRING_CYCLE>1000</FIRING_CYCLE>
		<ITEM>BALKAN</ITEM>
		<MOTION>GUIDED</MOTION>
		<REVENGE_NWAY>0</REVENGE_NWAY>
	</11000>
	<!------------------------------------------------------------>
	<13000>
		<NAME>ENEMY2</NAME>
		<SIDE>RIGHT</SIDE>
		<LOCATION>30</LOCATION>
		<ENERGY>5</ENERGY>
		<SPEED>1</SPEED>
		<ACCEL>0.05</ACCEL>
		<FIRING_CYCLE>1000</FIRING_CYCLE>
		<ITEM>LASER</ITEM>
		<MOTION>GUIDED</MOTION>
		<REVENGE_NWAY>0</REVENGE_NWAY>
	</13000>
	<13000>
		<NAME>ENEMY2</NAME>
		<SIDE>RIGHT</SIDE>
		<LOCATION>70</LOCATION>
		<ENERGY>5</ENERGY>
		<SPEED>1</SPEED>
		<ACCEL>0.05</ACCEL>
		<FIRING_CYCLE>1000</FIRING_CYCLE>
		<ITEM>BALKAN</ITEM>
		<MOTION>GUIDED</MOTION>
		<REVENGE_NWAY>0</REVENGE_NWAY>
	</13000>
	<!------------------------------------------------------------>
	<15000>
		<NAME>ENEMY3</NAME>
		<SIDE>RIGHT</SIDE>
		<LOCATION>20</LOCATION>
		<ENERGY>5</ENERGY>
		<SPEED>1</SPEED>
		<ACCEL>0.05</ACCEL>
		<FIRING_CYCLE>1000</FIRING_CYCLE>
		<ITEM>LASER</ITEM>
		<MOTION>GUIDED</MOTION>
		<REVENGE_NWAY>10</REVENGE_NWAY>
	</15000>
	<15000>
		<NAME>ENEMY3</NAME>
		<SIDE>RIGHT</SIDE>
		<LOCATION>50</LOCATION>
		<ENERGY>5</ENERGY>
		<SPEED>1</SPEED>
		<ACCEL>0.05</ACCEL>
		<FIRING_CYCLE>1000</FIRING_CYCLE>
		<ITEM>BALKAN</ITEM>
		<MOTION>GUIDED</MOTION>
		<REVENGE_NWAY>10</REVENGE_NWAY>
	</15000>
	<15000>
		<NAME>ENEMY3</NAME>
		<SIDE>RIGHT</SIDE>
		<LOCATION>80</LOCATION>
		<ENERGY>5</ENERGY>
		<SPEED>1</SPEED>
		<ACCEL>0.05</ACCEL>
		<FIRING_CYCLE>1000</FIRING_CYCLE>
		<ITEM>BALKAN</ITEM>
		<MOTION>GUIDED</MOTION>
		<REVENGE_NWAY>10</REVENGE_NWAY>
	</15000>
	<!------------------------------------------------------------>
	<18000>
		<NAME>ENEMY2</NAME>
		<SIDE>TOP</SIDE>
		<LOCATION>95</LOCATION>
		<ENERGY>5</ENERGY>
		<SPEED>1</SPEED>
		<ACCEL>0.05</ACCEL>
		<FIRING_CYCLE>1000</FIRING_CYCLE>
		<ITEM></ITEM>
		<MOTION>GUIDED</MOTION>
		<REVENGE_NWAY>0</REVENGE_NWAY>
	</18000>
	<18000>
		<NAME>ENEMY2</NAME>
		<SIDE>BOTTOM</SIDE>
		<LOCATION>95</LOCATION>
		<ENERGY>5</ENERGY>
		<SPEED>1</SPEED>
		<ACCEL>0.05</ACCEL>
		<FIRING_CYCLE>1000</FIRING_CYCLE>
		<ITEM></ITEM>
		<MOTION>GUIDED</MOTION>
		<REVENGE_NWAY>0</REVENGE_NWAY>
	</18000>
	<!------------------------------------------------------------>
	<20000>
		<NAME>ENEMY2</NAME>
		<SIDE>TOP</SIDE>
		<LOCATION>95</LOCATION>
		<ENERGY>5</ENERGY>
		<SPEED>1</SPEED>
		<ACCEL>0.03</ACCEL>
		<FIRING_CYCLE>1000</FIRING_CYCLE>
		<ITEM></ITEM>
		<MOTION>GUIDED</MOTION>
		<REVENGE_NWAY>0</REVENGE_NWAY>
	</20000>
	<20000>
		<NAME>ENEMY2</NAME>
		<SIDE>TOP</SIDE>
		<LOCATION>80</LOCATION>
		<ENERGY>5</ENERGY>
		<SPEED>1</SPEED>
		<ACCEL>0.03</ACCEL>
		<FIRING_CYCLE>1000</FIRING_CYCLE>
		<ITEM></ITEM>
		<MOTION>GUIDED</MOTION>
		<REVENGE_NWAY>0</REVENGE_NWAY>
	</20000>
	<20000>
		<NAME>ENEMY2</NAME>
		<SIDE>BOTTOM</SIDE>
		<LOCATION>95</LOCATION>
		<ENERGY>5</ENERGY>
		<SPEED>1</SPEED>
		<ACCEL>0.03</ACCEL>
		<FIRING_CYCLE>1000</FIRING_CYCLE>
		<ITEM></ITEM>
		<MOTION>GUIDED</MOTION>
		<REVENGE_NWAY>0</REVENGE_NWAY>
	</20000>
	<20000>
		<NAME>ENEMY2</NAME>
		<SIDE>BOTTOM</SIDE>
		<LOCATION>80</LOCATION>
		<ENERGY>5</ENERGY>
		<SPEED>1</SPEED>
		<ACCEL>0.03</ACCEL>
		<FIRING_CYCLE>1000</FIRING_CYCLE>
		<ITEM></ITEM>
		<MOTION>GUIDED</MOTION>
		<REVENGE_NWAY>0</REVENGE_NWAY>
	</20000>
	<!------------------------------------------------------------>
	<22000>
		<NAME>ENEMY4</NAME>
		<SIDE>RIGHT</SIDE>
		<LOCATION>30</LOCATION>
		<ENERGY>5</ENERGY>
		<SPEED>1</SPEED>
		<ACCEL>0.05</ACCEL>
		<FIRING_CYCLE>1000</FIRING_CYCLE>
		<ITEM></ITEM>
		<MOTION>GUIDED</MOTION>
		<REVENGE_NWAY>0</REVENGE_NWAY>
	</22000>
	<22000>
		<NAME>ENEMY4</NAME>
		<SIDE>RIGHT</SIDE>
		<LOCATION>50</LOCATION>
		<ENERGY>5</ENERGY>
		<SPEED>1</SPEED>
		<ACCEL>0.05</ACCEL>
		<FIRING_CYCLE>1000</FIRING_CYCLE>
		<ITEM></ITEM>
		<MOTION>GUIDED</MOTION>
		<REVENGE_NWAY>0</REVENGE_NWAY>
	</22000>
	<22000>
		<NAME>ENEMY4</NAME>
		<SIDE>RIGHT</SIDE>
		<LOCATION>70</LOCATION>
		<ENERGY>5</ENERGY>
		<SPEED>1</SPEED>
		<ACCEL>0.05</ACCEL>
		<FIRING_CYCLE>1000</FIRING_CYCLE>
		<ITEM></ITEM>
		<MOTION>GUIDED</MOTION>
		<REVENGE_NWAY>0</REVENGE_NWAY>
	</22000>
	<!------------------------------------------------------------>
	<24000>
		<NAME>ENEMY1</NAME>
		<SIDE>TOP</SIDE>
		<LOCATION>95</LOCATION>
		<ENERGY>5</ENERGY>
		<SPEED>1</SPEED>
		<ACCEL>0.05</ACCEL>
		<FIRING_CYCLE>500</FIRING_CYCLE>
		<ITEM></ITEM>
		<MOTION>GUIDED</MOTION>
		<REVENGE_NWAY>0</REVENGE_NWAY>
	</24000>
	<24100>
		<NAME>ENEMY1</NAME>
		<SIDE>TOP</SIDE>
		<LOCATION>95</LOCATION>
		<ENERGY>5</ENERGY>
		<SPEED>1</SPEED>
		<ACCEL>0.05</ACCEL>
		<FIRING_CYCLE>500</FIRING_CYCLE>
		<ITEM></ITEM>
		<MOTION>GUIDED</MOTION>
		<REVENGE_NWAY>0</REVENGE_NWAY>
	</24100>
	<24200>
		<NAME>ENEMY1</NAME>
		<SIDE>TOP</SIDE>
		<LOCATION>95</LOCATION>
		<ENERGY>5</ENERGY>
		<SPEED>1</SPEED>
		<ACCEL>0.05</ACCEL>
		<FIRING_CYCLE>500</FIRING_CYCLE>
		<ITEM></ITEM>
		<MOTION>GUIDED</MOTION>
		<REVENGE_NWAY>0</REVENGE_NWAY>
	</24200>
	<24300>
		<NAME>ENEMY1</NAME>
		<SIDE>TOP</SIDE>
		<LOCATION>95</LOCATION>
		<ENERGY>5</ENERGY>
		<SPEED>1</SPEED>
		<ACCEL>0.05</ACCEL>
		<FIRING_CYCLE>500</FIRING_CYCLE>
		<ITEM></ITEM>
		<MOTION>GUIDED</MOTION>
		<REVENGE_NWAY>0</REVENGE_NWAY>
	</24300>
	<!------------------------------------------------------------>
	<26000>
		<NAME>ENEMY4</NAME>
		<SIDE>RIGHT</SIDE>
		<LOCATION>50</LOCATION>
		<ENERGY>5</ENERGY>
		<SPEED>1</SPEED>
		<ACCEL>0.1</ACCEL>
		<FIRING_CYCLE>500</FIRING_CYCLE>
		<ITEM></ITEM>
		<MOTION>GUIDED</MOTION>
		<REVENGE_NWAY>0</REVENGE_NWAY>
	</26000>
	<26100>
		<NAME>ENEMY4</NAME>
		<SIDE>RIGHT</SIDE>
		<LOCATION>50</LOCATION>
		<ENERGY>5</ENERGY>
		<SPEED>1</SPEED>
		<ACCEL>0.1</ACCEL>
		<FIRING_CYCLE>500</FIRING_CYCLE>
		<ITEM></ITEM>
		<MOTION>GUIDED</MOTION>
		<REVENGE_NWAY>0</REVENGE_NWAY>
	</26100>
	<26200>
		<NAME>ENEMY4</NAME>
		<SIDE>RIGHT</SIDE>
		<LOCATION>50</LOCATION>
		<ENERGY>5</ENERGY>
		<SPEED>1</SPEED>
		<ACCEL>0.1</ACCEL>
		<FIRING_CYCLE>500</FIRING_CYCLE>
		<ITEM></ITEM>
		<MOTION>GUIDED</MOTION>
		<REVENGE_NWAY>0</REVENGE_NWAY>
	</26200>
	<26300>
		<NAME>ENEMY4</NAME>
		<SIDE>RIGHT</SIDE>
		<LOCATION>50</LOCATION>
		<ENERGY>5</ENERGY>
		<SPEED>1</SPEED>
		<ACCEL>0.1</ACCEL>
		<FIRING_CYCLE>500</FIRING_CYCLE>
		<ITEM></ITEM>
		<MOTION>GUIDED</MOTION>
		<REVENGE_NWAY>0</REVENGE_NWAY>
	</26300>
	<26400>
		<NAME>ENEMY4</NAME>
		<SIDE>RIGHT</SIDE>
		<LOCATION>50</LOCATION>
		<ENERGY>5</ENERGY>
		<SPEED>1</SPEED>
		<ACCEL>0.1</ACCEL>
		<FIRING_CYCLE>500</FIRING_CYCLE>
		<ITEM></ITEM>
		<MOTION>GUIDED</MOTION>
		<REVENGE_NWAY>0</REVENGE_NWAY>
	</26400>
	<!------------------------------------------------------------>
	<28000>
		<NAME>ENEMY3</NAME>
		<SIDE>RIGHT</SIDE>
		<LOCATION>30</LOCATION>
		<ENERGY>5</ENERGY>
		<SPEED>1</SPEED>
		<ACCEL>0.05</ACCEL>
		<FIRING_CYCLE>1000</FIRING_CYCLE>
		<ITEM></ITEM>
		<MOTION>GUIDED_BACK</MOTION>
		<REVENGE_NWAY>0</REVENGE_NWAY>
	</28000>
	<28100>
		<NAME>ENEMY3</NAME>
		<SIDE>RIGHT</SIDE>
		<LOCATION>40</LOCATION>
		<ENERGY>5</ENERGY>
		<SPEED>1</SPEED>
		<ACCEL>0.05</ACCEL>
		<FIRING_CYCLE>1000</FIRING_CYCLE>
		<ITEM></ITEM>
		<MOTION>GUIDED_BACK</MOTION>
		<REVENGE_NWAY>0</REVENGE_NWAY>
	</28100>
	<28200>
		<NAME>ENEMY3</NAME>
		<SIDE>RIGHT</SIDE>
		<LOCATION>50</LOCATION>
		<ENERGY>5</ENERGY>
		<SPEED>1</SPEED>
		<ACCEL>0.05</ACCEL>
		<FIRING_CYCLE>1000</FIRING_CYCLE>
		<ITEM></ITEM>
		<MOTION>GUIDED_BACK</MOTION>
		<REVENGE_NWAY>0</REVENGE_NWAY>
	</28200>
	<28300>
		<NAME>ENEMY3</NAME>
		<SIDE>RIGHT</SIDE>
		<LOCATION>60</LOCATION>
		<ENERGY>5</ENERGY>
		<SPEED>1</SPEED>
		<ACCEL>0.05</ACCEL>
		<FIRING_CYCLE>1000</FIRING_CYCLE>
		<ITEM></ITEM>
		<MOTION>GUIDED_BACK</MOTION>
		<REVENGE_NWAY>0</REVENGE_NWAY>
	</28300>
	<28400>
		<NAME>ENEMY3</NAME>
		<SIDE>RIGHT</SIDE>
		<LOCATION>70</LOCATION>
		<ENERGY>5</ENERGY>
		<SPEED>1</SPEED>
		<ACCEL>0.05</ACCEL>
		<FIRING_CYCLE>1000</FIRING_CYCLE>
		<ITEM></ITEM>
		<MOTION>GUIDED_BACK</MOTION>
		<REVENGE_NWAY>0</REVENGE_NWAY>
	</28400>
	<!------------------------------------------------------------>
	<32000>
		<NAME>ENEMY5</NAME>
		<SIDE>RIGHT</SIDE>
		<LOCATION>20</LOCATION>
		<ENERGY>5</ENERGY>
		<SPEED>1</SPEED>
		<ACCEL>0.05</ACCEL>
		<FIRING_CYCLE></FIRING_CYCLE>
		<ITEM></ITEM>
		<MOTION>ZOOMIN_LEFT</MOTION>
		<REVENGE_NWAY>0</REVENGE_NWAY>
	</32000>
	<32000>
		<NAME>ENEMY5</NAME>
		<SIDE>RIGHT</SIDE>
		<LOCATION>35</LOCATION>
		<ENERGY>5</ENERGY>
		<SPEED>1</SPEED>
		<ACCEL>0.05</ACCEL>
		<FIRING_CYCLE></FIRING_CYCLE>
		<ITEM></ITEM>
		<MOTION>ZOOMIN_LEFT</MOTION>
		<REVENGE_NWAY>0</REVENGE_NWAY>
	</32000>
	<32000>
		<NAME>ENEMY5</NAME>
		<SIDE>RIGHT</SIDE>
		<LOCATION>50</LOCATION>
		<ENERGY>5</ENERGY>
		<SPEED>1</SPEED>
		<ACCEL>0.05</ACCEL>
		<FIRING_CYCLE></FIRING_CYCLE>
		<ITEM></ITEM>
		<MOTION>ZOOMIN_LEFT</MOTION>
		<REVENGE_NWAY>0</REVENGE_NWAY>
	</32000>
	<32000>
		<NAME>ENEMY5</NAME>
		<SIDE>RIGHT</SIDE>
		<LOCATION>65</LOCATION>
		<ENERGY>5</ENERGY>
		<SPEED>1</SPEED>
		<ACCEL>0.05</ACCEL>
		<FIRING_CYCLE></FIRING_CYCLE>
		<ITEM></ITEM>
		<MOTION>ZOOMIN_LEFT</MOTION>
		<REVENGE_NWAY>0</REVENGE_NWAY>
	</32000>
	<32000>
		<NAME>ENEMY5</NAME>
		<SIDE>RIGHT</SIDE>
		<LOCATION>80</LOCATION>
		<ENERGY>5</ENERGY>
		<SPEED>1</SPEED>
		<ACCEL>0.05</ACCEL>
		<FIRING_CYCLE></FIRING_CYCLE>
		<ITEM></ITEM>
		<MOTION>ZOOMIN_LEFT</MOTION>
		<REVENGE_NWAY>0</REVENGE_NWAY>
	</32000>
	<!------------------------------------------------------------>
	<34000>
		<NAME>ENEMY3</NAME>
		<SIDE>RIGHT</SIDE>
		<LOCATION>10</LOCATION>
		<ENERGY>5</ENERGY>
		<SPEED>1</SPEED>
		<ACCEL>0.05</ACCEL>
		<FIRING_CYCLE>1000</FIRING_CYCLE>
		<ITEM></ITEM>
		<MOTION>ZOOMIN_LEFT</MOTION>
		<REVENGE_NWAY>0</REVENGE_NWAY>
	</34000>
	<34200>
		<NAME>ENEMY3</NAME>
		<SIDE>RIGHT</SIDE>
		<LOCATION>20</LOCATION>
		<ENERGY>5</ENERGY>
		<SPEED>1</SPEED>
		<ACCEL>0.05</ACCEL>
		<FIRING_CYCLE>1000</FIRING_CYCLE>
		<ITEM></ITEM>
		<MOTION>ZOOMIN_LEFT</MOTION>
		<REVENGE_NWAY>0</REVENGE_NWAY>
	</34200>
	<34400>
		<NAME>ENEMY3</NAME>
		<SIDE>RIGHT</SIDE>
		<LOCATION>30</LOCATION>
		<ENERGY>5</ENERGY>
		<SPEED>1</SPEED>
		<ACCEL>0.05</ACCEL>
		<FIRING_CYCLE>1000</FIRING_CYCLE>
		<ITEM></ITEM>
		<MOTION>ZOOMIN_LEFT</MOTION>
		<REVENGE_NWAY>0</REVENGE_NWAY>
	</34400>
	<34600>
		<NAME>ENEMY3</NAME>
		<SIDE>RIGHT</SIDE>
		<LOCATION>40</LOCATION>
		<ENERGY>5</ENERGY>
		<SPEED>1</SPEED>
		<ACCEL>0.05</ACCEL>
		<FIRING_CYCLE>1000</FIRING_CYCLE>
		<ITEM></ITEM>
		<MOTION>ZOOMIN_LEFT</MOTION>
		<REVENGE_NWAY>0</REVENGE_NWAY>
	</34600>
	<34800>
		<NAME>ENEMY3</NAME>
		<SIDE>RIGHT</SIDE>
		<LOCATION>50</LOCATION>
		<ENERGY>5</ENERGY>
		<SPEED>1</SPEED>
		<ACCEL>0.05</ACCEL>
		<FIRING_CYCLE>1000</FIRING_CYCLE>
		<ITEM></ITEM>
		<MOTION>ZOOMIN_LEFT</MOTION>
		<REVENGE_NWAY>0</REVENGE_NWAY>
	</34800>
	<35000>
		<NAME>ENEMY3</NAME>
		<SIDE>RIGHT</SIDE>
		<LOCATION>60</LOCATION>
		<ENERGY>5</ENERGY>
		<SPEED>1</SPEED>
		<ACCEL>0.05</ACCEL>
		<FIRING_CYCLE>1000</FIRING_CYCLE>
		<ITEM></ITEM>
		<MOTION>ZOOMIN_LEFT</MOTION>
		<REVENGE_NWAY>0</REVENGE_NWAY>
	</35000>
	<35200>
		<NAME>ENEMY3</NAME>
		<SIDE>RIGHT</SIDE>
		<LOCATION>70</LOCATION>
		<ENERGY>5</ENERGY>
		<SPEED>1</SPEED>
		<ACCEL>0.05</ACCEL>
		<FIRING_CYCLE>1000</FIRING_CYCLE>
		<ITEM></ITEM>
		<MOTION>ZOOMIN_LEFT</MOTION>
		<REVENGE_NWAY>0</REVENGE_NWAY>
	</35200>
	<35400>
		<NAME>ENEMY3</NAME>
		<SIDE>RIGHT</SIDE>
		<LOCATION>80</LOCATION>
		<ENERGY>5</ENERGY>
		<SPEED>1</SPEED>
		<ACCEL>0.05</ACCEL>
		<FIRING_CYCLE>1000</FIRING_CYCLE>
		<ITEM></ITEM>
		<MOTION>ZOOMIN_LEFT</MOTION>
		<REVENGE_NWAY>0</REVENGE_NWAY>
	</35400>
	<35600>
		<NAME>ENEMY3</NAME>
		<SIDE>RIGHT</SIDE>
		<LOCATION>90</LOCATION>
		<ENERGY>5</ENERGY>
		<SPEED>1</SPEED>
		<ACCEL>0.05</ACCEL>
		<FIRING_CYCLE>1000</FIRING_CYCLE>
		<ITEM></ITEM>
		<MOTION>ZOOMIN_LEFT</MOTION>
		<REVENGE_NWAY>0</REVENGE_NWAY>
	</35600>
	<!------------------------------------------------------------>
	<38000>
		<NAME>ENEMY4</NAME>
		<SIDE>RIGHT</SIDE>
		<LOCATION>10</LOCATION>
		<ENERGY>5</ENERGY>
		<SPEED>1</SPEED>
		<ACCEL>0.01</ACCEL>
		<FIRING_CYCLE></FIRING_CYCLE>
		<ITEM></ITEM>
		<MOTION>ZOOMIN_LEFT</MOTION>
		<REVENGE_NWAY>0</REVENGE_NWAY>
	</38000>
	<38000>
		<NAME>ENEMY4</NAME>
		<SIDE>RIGHT</SIDE>
		<LOCATION>20</LOCATION>
		<ENERGY>5</ENERGY>
		<SPEED>1</SPEED>
		<ACCEL>0.01</ACCEL>
		<FIRING_CYCLE></FIRING_CYCLE>
		<ITEM></ITEM>
		<MOTION>ZOOMIN_LEFT</MOTION>
		<REVENGE_NWAY>0</REVENGE_NWAY>
	</38000>
	<38000>
		<NAME>ENEMY4</NAME>
		<SIDE>RIGHT</SIDE>
		<LOCATION>30</LOCATION>
		<ENERGY>5</ENERGY>
		<SPEED>1</SPEED>
		<ACCEL>0.01</ACCEL>
		<FIRING_CYCLE></FIRING_CYCLE>
		<ITEM></ITEM>
		<MOTION>ZOOMIN_LEFT</MOTION>
		<REVENGE_NWAY>0</REVENGE_NWAY>
	</38000>
	<38000>
		<NAME>ENEMY4</NAME>
		<SIDE>RIGHT</SIDE>
		<LOCATION>40</LOCATION>
		<ENERGY>5</ENERGY>
		<SPEED>1</SPEED>
		<ACCEL>0.01</ACCEL>
		<FIRING_CYCLE></FIRING_CYCLE>
		<ITEM></ITEM>
		<MOTION>ZOOMIN_LEFT</MOTION>
		<REVENGE_NWAY>0</REVENGE_NWAY>
	</38000>
	<38000>
		<NAME>ENEMY4</NAME>
		<SIDE>RIGHT</SIDE>
		<LOCATION>50</LOCATION>
		<ENERGY>5</ENERGY>
		<SPEED>1</SPEED>
		<ACCEL>0.01</ACCEL>
		<FIRING_CYCLE></FIRING_CYCLE>
		<ITEM></ITEM>
		<MOTION>ZOOMIN_LEFT</MOTION>
		<REVENGE_NWAY>0</REVENGE_NWAY>
	</38000>
	<38000>
		<NAME>ENEMY4</NAME>
		<SIDE>RIGHT</SIDE>
		<LOCATION>60</LOCATION>
		<ENERGY>5</ENERGY>
		<SPEED>1</SPEED>
		<ACCEL>0.01</ACCEL>
		<FIRING_CYCLE></FIRING_CYCLE>
		<ITEM></ITEM>
		<MOTION>ZOOMIN_LEFT</MOTION>
		<REVENGE_NWAY>0</REVENGE_NWAY>
	</38000>
	<38000>
		<NAME>ENEMY4</NAME>
		<SIDE>RIGHT</SIDE>
		<LOCATION>70</LOCATION>
		<ENERGY>5</ENERGY>
		<SPEED>1</SPEED>
		<ACCEL>0.01</ACCEL>
		<FIRING_CYCLE></FIRING_CYCLE>
		<ITEM></ITEM>
		<MOTION>ZOOMIN_LEFT</MOTION>
		<REVENGE_NWAY>0</REVENGE_NWAY>
	</38000>
	<38000>
		<NAME>ENEMY4</NAME>
		<SIDE>RIGHT</SIDE>
		<LOCATION>80</LOCATION>
		<ENERGY>5</ENERGY>
		<SPEED>1</SPEED>
		<ACCEL>0.01</ACCEL>
		<FIRING_CYCLE></FIRING_CYCLE>
		<ITEM></ITEM>
		<MOTION>ZOOMIN_LEFT</MOTION>
		<REVENGE_NWAY>0</REVENGE_NWAY>
	</38000>
	<38000>
		<NAME>ENEMY4</NAME>
		<SIDE>RIGHT</SIDE>
		<LOCATION>90</LOCATION>
		<ENERGY>5</ENERGY>
		<SPEED>1</SPEED>
		<ACCEL>0.01</ACCEL>
		<FIRING_CYCLE></FIRING_CYCLE>
		<ITEM></ITEM>
		<MOTION>ZOOMIN_LEFT</MOTION>
		<REVENGE_NWAY>0</REVENGE_NWAY>
	</38000>
	<!------------------------------------------------------------>
	<41000>
		<NAME>ENEMY5</NAME>
		<SIDE>RIGHT</SIDE>
		<LOCATION>50</LOCATION>
		<ENERGY>5</ENERGY>
		<SPEED>1</SPEED>
		<ACCEL>0.01</ACCEL>
		<FIRING_CYCLE>1500</FIRING_CYCLE>
		<ITEM></ITEM>
		<MOTION>ZOOMIN_LEFT</MOTION>
		<REVENGE_NWAY>0</REVENGE_NWAY>
	</41000>
	<41100>
		<NAME>ENEMY5</NAME>
		<SIDE>RIGHT</SIDE>
		<LOCATION>40</LOCATION>
		<ENERGY>5</ENERGY>
		<SPEED>1</SPEED>
		<ACCEL>0.01</ACCEL>
		<FIRING_CYCLE>1500</FIRING_CYCLE>
		<ITEM></ITEM>
		<MOTION>ZOOMIN_LEFT</MOTION>
		<REVENGE_NWAY>0</REVENGE_NWAY>
	</41100>
	<41100>
		<NAME>ENEMY5</NAME>
		<SIDE>RIGHT</SIDE>
		<LOCATION>60</LOCATION>
		<ENERGY>5</ENERGY>
		<SPEED>1</SPEED>
		<ACCEL>0.01</ACCEL>
		<FIRING_CYCLE>1500</FIRING_CYCLE>
		<ITEM></ITEM>
		<MOTION>ZOOMIN_LEFT</MOTION>
		<REVENGE_NWAY>0</REVENGE_NWAY>
	</41100>
	<41200>
		<NAME>ENEMY5</NAME>
		<SIDE>RIGHT</SIDE>
		<LOCATION>30</LOCATION>
		<ENERGY>5</ENERGY>
		<SPEED>1</SPEED>
		<ACCEL>0.01</ACCEL>
		<FIRING_CYCLE>1500</FIRING_CYCLE>
		<ITEM></ITEM>
		<MOTION>ZOOMIN_LEFT</MOTION>
		<REVENGE_NWAY>0</REVENGE_NWAY>
	</41200>
	<41200>
		<NAME>ENEMY5</NAME>
		<SIDE>RIGHT</SIDE>
		<LOCATION>70</LOCATION>
		<ENERGY>5</ENERGY>
		<SPEED>1</SPEED>
		<ACCEL>0.01</ACCEL>
		<FIRING_CYCLE>1500</FIRING_CYCLE>
		<ITEM></ITEM>
		<MOTION>ZOOMIN_LEFT</MOTION>
		<REVENGE_NWAY>0</REVENGE_NWAY>
	</41200>
	<!------------------------------------------------------------>
	<45000>
		<NAME>ENEMY2</NAME>
		<SIDE>RIGHT</SIDE>
		<LOCATION>20</LOCATION>
		<ENERGY>5</ENERGY>
		<SPEED>1</SPEED>
		<ACCEL>0.05</ACCEL>
		<FIRING_CYCLE>500</FIRING_CYCLE>
		<ITEM></ITEM>
		<MOTION>WAVE</MOTION>
		<REVENGE_NWAY>0</REVENGE_NWAY>
	</45000>
	<45000>
		<NAME>ENEMY2</NAME>
		<SIDE>RIGHT</SIDE>
		<LOCATION>40</LOCATION>
		<ENERGY>5</ENERGY>
		<SPEED>1</SPEED>
		<ACCEL>0.05</ACCEL>
		<FIRING_CYCLE>500</FIRING_CYCLE>
		<ITEM></ITEM>
		<MOTION>WAVE</MOTION>
		<REVENGE_NWAY>0</REVENGE_NWAY>
	</45000>
	<45000>
		<NAME>ENEMY2</NAME>
		<SIDE>RIGHT</SIDE>
		<LOCATION>60</LOCATION>
		<ENERGY>5</ENERGY>
		<SPEED>1</SPEED>
		<ACCEL>0.05</ACCEL>
		<FIRING_CYCLE>500</FIRING_CYCLE>
		<ITEM></ITEM>
		<MOTION>WAVE</MOTION>
		<REVENGE_NWAY>0</REVENGE_NWAY>
	</45000>
	<45000>
		<NAME>ENEMY2</NAME>
		<SIDE>RIGHT</SIDE>
		<LOCATION>80</LOCATION>
		<ENERGY>5</ENERGY>
		<SPEED>1</SPEED>
		<ACCEL>0.05</ACCEL>
		<FIRING_CYCLE>500</FIRING_CYCLE>
		<ITEM></ITEM>
		<MOTION>WAVE</MOTION>
		<REVENGE_NWAY>0</REVENGE_NWAY>
	</45000>

	<!------------------------------------------------------------>
	<!----- TOP ----->
	<48000>
		<NAME>ENEMY3</NAME>
		<SIDE>TOP</SIDE>
		<LOCATION>110</LOCATION>
		<ENERGY>5</ENERGY>
		<SPEED>1</SPEED>
		<ACCEL>0.03</ACCEL>
		<FIRING_CYCLE>1000</FIRING_CYCLE>
		<ITEM></ITEM>
		<MOTION>GUIDED_BACK</MOTION>
		<REVENGE_NWAY>0</REVENGE_NWAY>
	</48000>
	<48000>
		<NAME>ENEMY3</NAME>
		<SIDE>TOP</SIDE>
		<LOCATION>100</LOCATION>
		<ENERGY>5</ENERGY>
		<SPEED>1</SPEED>
		<ACCEL>0.03</ACCEL>
		<FIRING_CYCLE>500</FIRING_CYCLE>
		<ITEM></ITEM>
		<MOTION>GUIDED_BACK</MOTION>
		<REVENGE_NWAY>0</REVENGE_NWAY>
	</48000>
	<48000>
		<NAME>ENEMY3</NAME>
		<SIDE>TOP</SIDE>
		<LOCATION>90</LOCATION>
		<ENERGY>5</ENERGY>
		<SPEED>1</SPEED>
		<ACCEL>0.03</ACCEL>
		<FIRING_CYCLE>1000</FIRING_CYCLE>
		<ITEM></ITEM>
		<MOTION>GUIDED_BACK</MOTION>
		<REVENGE_NWAY>0</REVENGE_NWAY>
	</48000>
	<48000>
		<NAME>ENEMY3</NAME>
		<SIDE>TOP</SIDE>
		<LOCATION>80</LOCATION>
		<ENERGY>5</ENERGY>
		<SPEED>1</SPEED>
		<ACCEL>0.03</ACCEL>
		<FIRING_CYCLE>500</FIRING_CYCLE>
		<ITEM></ITEM>
		<MOTION>GUIDED_BACK</MOTION>
		<REVENGE_NWAY>0</REVENGE_NWAY>
	</48000>
	<48000>
		<NAME>ENEMY3</NAME>
		<SIDE>TOP</SIDE>
		<LOCATION>70</LOCATION>
		<ENERGY>5</ENERGY>
		<SPEED>1</SPEED>
		<ACCEL>0.03</ACCEL>
		<FIRING_CYCLE>1000</FIRING_CYCLE>
		<ITEM></ITEM>
		<MOTION>GUIDED_BACK</MOTION>
		<REVENGE_NWAY>0</REVENGE_NWAY>
	</48000>
	
	<!----- BOTTOM ----->
	<48000>
		<NAME>ENEMY3</NAME>
		<SIDE>BOTTOM</SIDE>
		<LOCATION>110</LOCATION>
		<ENERGY>5</ENERGY>
		<SPEED>1</SPEED>
		<ACCEL>0.03</ACCEL>
		<FIRING_CYCLE>1000</FIRING_CYCLE>
		<ITEM></ITEM>
		<MOTION>GUIDED_BACK</MOTION>
		<REVENGE_NWAY>0</REVENGE_NWAY>
	</48000>
	<48000>
		<NAME>ENEMY3</NAME>
		<SIDE>BOTTOM</SIDE>
		<LOCATION>100</LOCATION>
		<ENERGY>5</ENERGY>
		<SPEED>1</SPEED>
		<ACCEL>0.03</ACCEL>
		<FIRING_CYCLE>500</FIRING_CYCLE>
		<ITEM></ITEM>
		<MOTION>GUIDED_BACK</MOTION>
		<REVENGE_NWAY>0</REVENGE_NWAY>
	</48000>
	<48000>
		<NAME>ENEMY3</NAME>
		<SIDE>BOTTOM</SIDE>
		<LOCATION>90</LOCATION>
		<ENERGY>5</ENERGY>
		<SPEED>1</SPEED>
		<ACCEL>0.03</ACCEL>
		<FIRING_CYCLE>1000</FIRING_CYCLE>
		<ITEM></ITEM>
		<MOTION>GUIDED_BACK</MOTION>
		<REVENGE_NWAY>0</REVENGE_NWAY>
	</48000>
	<48000>
		<NAME>ENEMY3</NAME>
		<SIDE>BOTTOM</SIDE>
		<LOCATION>80</LOCATION>
		<ENERGY>5</ENERGY>
		<SPEED>1</SPEED>
		<ACCEL>0.03</ACCEL>
		<FIRING_CYCLE>500</FIRING_CYCLE>
		<ITEM></ITEM>
		<MOTION>GUIDED_BACK</MOTION>
		<REVENGE_NWAY>0</REVENGE_NWAY>
	</48000>
	<48000>
		<NAME>ENEMY3</NAME>
		<SIDE>BOTTOM</SIDE>
		<LOCATION>70</LOCATION>
		<ENERGY>5</ENERGY>
		<SPEED>1</SPEED>
		<ACCEL>0.03</ACCEL>
		<FIRING_CYCLE>1000</FIRING_CYCLE>
		<ITEM></ITEM>
		<MOTION>GUIDED_BACK</MOTION>
		<REVENGE_NWAY>0</REVENGE_NWAY>
	</48000>

	<!------------------------------------------------------------>
	<!--- RIGHT ------> 
	<51000>
		<NAME>ENEMY5</NAME>
		<SIDE>RIGHT</SIDE>
		<LOCATION>20</LOCATION>
		<ENERGY>5</ENERGY>
		<SPEED>1</SPEED>
		<ACCEL>0.05</ACCEL>
		<FIRING_CYCLE>500</FIRING_CYCLE>
		<ITEM></ITEM>
		<MOTION>GUIDED</MOTION>
		<REVENGE_NWAY>0</REVENGE_NWAY>
	</51000>
	<51000>
		<NAME>ENEMY2</NAME>
		<SIDE>RIGHT</SIDE>
		<LOCATION>40</LOCATION>
		<ENERGY>5</ENERGY>
		<SPEED>1</SPEED>
		<ACCEL>0.05</ACCEL>
		<FIRING_CYCLE>500</FIRING_CYCLE>
		<ITEM></ITEM>
		<MOTION>GUIDED</MOTION>
		<REVENGE_NWAY>0</REVENGE_NWAY>
	</51000>
	<51000>
		<NAME>ENEMY5</NAME>
		<SIDE>RIGHT</SIDE>
		<LOCATION>60</LOCATION>
		<ENERGY>5</ENERGY>
		<SPEED>1</SPEED>
		<ACCEL>0.05</ACCEL>
		<FIRING_CYCLE>500</FIRING_CYCLE>
		<ITEM></ITEM>
		<MOTION>GUIDED</MOTION>
		<REVENGE_NWAY>0</REVENGE_NWAY>
	</51000>
	<51000>
		<NAME>ENEMY2</NAME>
		<SIDE>RIGHT</SIDE>
		<LOCATION>80</LOCATION>
		<ENERGY>5</ENERGY>
		<SPEED>1</SPEED>
		<ACCEL>0.05</ACCEL>
		<FIRING_CYCLE>500</FIRING_CYCLE>
		<ITEM></ITEM>
		<MOTION>GUIDED</MOTION>
		<REVENGE_NWAY>0</REVENGE_NWAY>
	</51000>

	<!--- BOTTOM ------> 
	<52000>
		<NAME>ENEMY3</NAME>
		<SIDE>BOTTOM</SIDE>
		<LOCATION>80</LOCATION>
		<ENERGY>5</ENERGY>
		<SPEED>1</SPEED>
		<ACCEL>0.05</ACCEL>
		<FIRING_CYCLE></FIRING_CYCLE>
		<ITEM></ITEM>
		<MOTION>GUIDED</MOTION>
		<REVENGE_NWAY>0</REVENGE_NWAY>
	</52000>
	<52000>
		<NAME>ENEMY3</NAME>
		<SIDE>BOTTOM</SIDE>
		<LOCATION>60</LOCATION>
		<ENERGY>5</ENERGY>
		<SPEED>1</SPEED>
		<ACCEL>0.05</ACCEL>
		<FIRING_CYCLE></FIRING_CYCLE>
		<ITEM></ITEM>
		<MOTION>GUIDED</MOTION>
		<REVENGE_NWAY>0</REVENGE_NWAY>
	</52000>
	
	<!--- TOP ------> 
	<52000>
		<NAME>ENEMY3</NAME>
		<SIDE>TOP</SIDE>
		<LOCATION>80</LOCATION>
		<ENERGY>5</ENERGY>
		<SPEED>1</SPEED>
		<ACCEL>0.05</ACCEL>
		<FIRING_CYCLE></FIRING_CYCLE>
		<ITEM></ITEM>
		<MOTION>GUIDED</MOTION>
		<REVENGE_NWAY>0</REVENGE_NWAY>
	</52000>
	<52000>
		<NAME>ENEMY3</NAME>
		<SIDE>TOP</SIDE>
		<LOCATION>60</LOCATION>
		<ENERGY>5</ENERGY>
		<SPEED>1</SPEED>
		<ACCEL>0.05</ACCEL>
		<FIRING_CYCLE></FIRING_CYCLE>
		<ITEM></ITEM>
		<MOTION>GUIDED</MOTION>
		<REVENGE_NWAY>0</REVENGE_NWAY>
	</52000>

	<!------------------------------------------------------------>
	<65200>
		<NAME>BOSS</NAME>
		<LOCATION>50</LOCATION>
		<ENERGY>1000</ENERGY>
		<SPEED>1</SPEED>
		<FIRING_CYCLE></FIRING_CYCLE>
		<ANGRY>70 50 30 10</ANGRY>
		<FIRE>50 45 40 35 30 25 20 15 5</FIRE>
		<ITEM></ITEM>
		<MOVE></MOVE>
	</65200>
</ENEMY>
